-- The C compiler identification is GNU 13.3.0
-- The CXX compiler identification is GNU 13.3.0
-- Detecting C compiler ABI info
-- Detecting C compiler ABI info - done
-- Check for working C compiler: /usr/bin/cc - skipped
-- Detecting C compile features
-- Detecting C compile features - done
-- Detecting CXX compiler ABI info
-- Detecting CXX compiler ABI info - done
-- Check for working CXX compiler: /usr/bin/c++ - skipped
-- Detecting CXX compile features
-- Detecting CXX compile features - done
-- Found ament_cmake: 2.8.5 (/opt/ros/rolling/share/ament_cmake/cmake)
-- Override CMake install command with custom implementation using symlinks instead of copying resources
-- Configuring done (1.2s)
-- Generating done (0.0s)
-- Build files have been written to: /home/ttrindader/lar_gazebo_ws/lar_gazebo/build/lar_gazebo
-- Install configuration: ""
-- Execute custom install script
-- Symlinking: /home/ttrindader/lar_gazebo_ws/lar_gazebo/install/lar_gazebo/share/lar_gazebo/launch/lar_husky.launch
-- Symlinking: /home/ttrindader/lar_gazebo_ws/lar_gazebo/install/lar_gazebo/share/lar_gazebo/launch/lar_world.launch
-- Symlinking: /home/ttrindader/lar_gazebo_ws/lar_gazebo/install/lar_gazebo/share/lar_gazebo/launch/lar_world.launch.py
-- Symlinking: /home/ttrindader/lar_gazebo_ws/lar_gazebo/install/lar_gazebo/share/lar_gazebo/maps/lab_robotica_06mai2019.pgm
-- Symlinking: /home/ttrindader/lar_gazebo_ws/lar_gazebo/install/lar_gazebo/share/lar_gazebo/maps/lab_robotica_06mai2019.yaml
-- Symlinking: /home/ttrindader/lar_gazebo_ws/lar_gazebo/install/lar_gazebo/share/lar_gazebo/models/box/model.config
-- Symlinking: /home/ttrindader/lar_gazebo_ws/lar_gazebo/install/lar_gazebo/share/lar_gazebo/models/box/model.sdf
-- Symlinking: /home/ttrindader/lar_gazebo_ws/lar_gazebo/install/lar_gazebo/share/lar_gazebo/models/lar/model.config
-- Symlinking: /home/ttrindader/lar_gazebo_ws/lar_gazebo/install/lar_gazebo/share/lar_gazebo/models/lar/model.sdf
-- Symlinking: /home/ttrindader/lar_gazebo_ws/lar_gazebo/install/lar_gazebo/share/lar_gazebo/models/lar_chair/meshes/lar_chair.dae
-- Symlinking: /home/ttrindader/lar_gazebo_ws/lar_gazebo/install/lar_gazebo/share/lar_gazebo/models/lar_chair/model.config
-- Symlinking: /home/ttrindader/lar_gazebo_ws/lar_gazebo/install/lar_gazebo/share/lar_gazebo/models/lar_chair/model.sdf
-- Symlinking: /home/ttrindader/lar_gazebo_ws/lar_gazebo/install/lar_gazebo/share/lar_gazebo/models/lar_floor/materials/scripts/lar_floor.material
-- Symlinking: /home/ttrindader/lar_gazebo_ws/lar_gazebo/install/lar_gazebo/share/lar_gazebo/models/lar_floor/materials/textures/.directory
-- Symlinking: /home/ttrindader/lar_gazebo_ws/lar_gazebo/install/lar_gazebo/share/lar_gazebo/models/lar_floor/materials/textures/ceramic_floor.jpg
-- Symlinking: /home/ttrindader/lar_gazebo_ws/lar_gazebo/install/lar_gazebo/share/lar_gazebo/models/lar_floor/materials/textures/ceramic_floor.png
-- Symlinking: /home/ttrindader/lar_gazebo_ws/lar_gazebo/install/lar_gazebo/share/lar_gazebo/models/lar_floor/model.config
-- Symlinking: /home/ttrindader/lar_gazebo_ws/lar_gazebo/install/lar_gazebo/share/lar_gazebo/models/lar_floor/model.sdf
-- Symlinking: /home/ttrindader/lar_gazebo_ws/lar_gazebo/install/lar_gazebo/share/lar_gazebo/models/lar_shelf/meshes/lar_shelf.dae
-- Symlinking: /home/ttrindader/lar_gazebo_ws/lar_gazebo/install/lar_gazebo/share/lar_gazebo/models/lar_shelf/model.config
-- Symlinking: /home/ttrindader/lar_gazebo_ws/lar_gazebo/install/lar_gazebo/share/lar_gazebo/models/lar_shelf/model.sdf
-- Symlinking: /home/ttrindader/lar_gazebo_ws/lar_gazebo/install/lar_gazebo/share/lar_gazebo/models/lar_table_circular/meshes/lar_table_circular.dae
-- Symlinking: /home/ttrindader/lar_gazebo_ws/lar_gazebo/install/lar_gazebo/share/lar_gazebo/models/lar_table_circular/model.config
-- Symlinking: /home/ttrindader/lar_gazebo_ws/lar_gazebo/install/lar_gazebo/share/lar_gazebo/models/lar_table_circular/model.sdf
-- Symlinking: /home/ttrindader/lar_gazebo_ws/lar_gazebo/install/lar_gazebo/share/lar_gazebo/models/lar_table_great/meshes/lar_table_great.dae
-- Symlinking: /home/ttrindader/lar_gazebo_ws/lar_gazebo/install/lar_gazebo/share/lar_gazebo/models/lar_table_great/model.config
-- Symlinking: /home/ttrindader/lar_gazebo_ws/lar_gazebo/install/lar_gazebo/share/lar_gazebo/models/lar_table_great/model.sdf
-- Symlinking: /home/ttrindader/lar_gazebo_ws/lar_gazebo/install/lar_gazebo/share/lar_gazebo/models/lar_table_pc/meshes/lar_table_pc.dae
-- Symlinking: /home/ttrindader/lar_gazebo_ws/lar_gazebo/install/lar_gazebo/share/lar_gazebo/models/lar_table_pc/meshes/lar_table_pc_old.dae
-- Symlinking: /home/ttrindader/lar_gazebo_ws/lar_gazebo/install/lar_gazebo/share/lar_gazebo/models/lar_table_pc/model.config
-- Symlinking: /home/ttrindader/lar_gazebo_ws/lar_gazebo/install/lar_gazebo/share/lar_gazebo/models/lar_table_pc/model.sdf
-- Symlinking: /home/ttrindader/lar_gazebo_ws/lar_gazebo/install/lar_gazebo/share/lar_gazebo/models/lar_walls/meshes/lar_walls.dae
-- Symlinking: /home/ttrindader/lar_gazebo_ws/lar_gazebo/install/lar_gazebo/share/lar_gazebo/models/lar_walls/meshes/lar_walls_old.dae
-- Symlinking: /home/ttrindader/lar_gazebo_ws/lar_gazebo/install/lar_gazebo/share/lar_gazebo/models/lar_walls/model.config
-- Symlinking: /home/ttrindader/lar_gazebo_ws/lar_gazebo/install/lar_gazebo/share/lar_gazebo/models/lar_walls/model.sdf
-- Symlinking: /home/ttrindader/lar_gazebo_ws/lar_gazebo/install/lar_gazebo/share/lar_gazebo/models/lar_wardrobe/meshes/lar_wardrobe.dae
-- Symlinking: /home/ttrindader/lar_gazebo_ws/lar_gazebo/install/lar_gazebo/share/lar_gazebo/models/lar_wardrobe/model.config
-- Symlinking: /home/ttrindader/lar_gazebo_ws/lar_gazebo/install/lar_gazebo/share/lar_gazebo/models/lar_wardrobe/model.sdf
-- Symlinking: /home/ttrindader/lar_gazebo_ws/lar_gazebo/install/lar_gazebo/share/lar_gazebo/worlds/lar.world
-- Symlinking: /home/ttrindader/lar_gazebo_ws/lar_gazebo/install/lar_gazebo/share/ament_index/resource_index/package_run_dependencies/lar_gazebo
-- Symlinking: /home/ttrindader/lar_gazebo_ws/lar_gazebo/install/lar_gazebo/share/ament_index/resource_index/parent_prefix_path/lar_gazebo
-- Symlinking: /home/ttrindader/lar_gazebo_ws/lar_gazebo/install/lar_gazebo/share/lar_gazebo/environment/ament_prefix_path.sh
-- Symlinking: /home/ttrindader/lar_gazebo_ws/lar_gazebo/install/lar_gazebo/share/lar_gazebo/environment/ament_prefix_path.dsv
-- Symlinking: /home/ttrindader/lar_gazebo_ws/lar_gazebo/install/lar_gazebo/share/lar_gazebo/environment/path.sh
-- Symlinking: /home/ttrindader/lar_gazebo_ws/lar_gazebo/install/lar_gazebo/share/lar_gazebo/environment/path.dsv
-- Symlinking: /home/ttrindader/lar_gazebo_ws/lar_gazebo/install/lar_gazebo/share/lar_gazebo/local_setup.bash
-- Symlinking: /home/ttrindader/lar_gazebo_ws/lar_gazebo/install/lar_gazebo/share/lar_gazebo/local_setup.sh
-- Symlinking: /home/ttrindader/lar_gazebo_ws/lar_gazebo/install/lar_gazebo/share/lar_gazebo/local_setup.zsh
-- Symlinking: /home/ttrindader/lar_gazebo_ws/lar_gazebo/install/lar_gazebo/share/lar_gazebo/local_setup.dsv
-- Symlinking: /home/ttrindader/lar_gazebo_ws/lar_gazebo/install/lar_gazebo/share/lar_gazebo/package.dsv
-- Symlinking: /home/ttrindader/lar_gazebo_ws/lar_gazebo/install/lar_gazebo/share/ament_index/resource_index/packages/lar_gazebo
-- Symlinking: /home/ttrindader/lar_gazebo_ws/lar_gazebo/install/lar_gazebo/share/lar_gazebo/cmake/lar_gazeboConfig.cmake
-- Symlinking: /home/ttrindader/lar_gazebo_ws/lar_gazebo/install/lar_gazebo/share/lar_gazebo/cmake/lar_gazeboConfig-version.cmake
-- Symlinking: /home/ttrindader/lar_gazebo_ws/lar_gazebo/install/lar_gazebo/share/lar_gazebo/package.xml
